2025-03-04 16:31:04,223 - INFO - Starting ETL program...
2025-03-04 16:31:04,224 - INFO - Pipeline execution started.
2025-03-04 16:31:04,224 - INFO - Extracting CSV files from ../data/csv/...
2025-03-04 16:31:04,224 - INFO - Found 36 CSV files. Reading data...
2025-03-04 16:31:05,718 - INFO - CSV data extraction completed successfully.
2025-03-04 16:31:05,729 - INFO - Extracting JSON files from ../data/json/...
2025-03-04 16:31:05,730 - INFO - Found 17 JSON files. Reading data...
2025-03-04 16:31:08,214 - INFO - JSON data extraction completed successfully.
2025-03-04 16:31:08,223 - INFO - Merging extracted data...
2025-03-04 16:31:08,296 - INFO - Saving staging_data.csv to ../staging...
2025-03-04 16:31:14,505 - INFO - Data successfully saved.
2025-03-04 16:31:14,506 - INFO - Starting transformation process on file: ../staging/staging_data.csv
2025-03-04 16:31:16,138 - INFO - File read successfully.
2025-03-04 16:31:16,139 - INFO - Transforming data: Adding trip duration...
2025-03-04 16:31:16,475 - INFO - Transforming data: Adding trip duration completed.
2025-03-04 16:31:16,475 - INFO - Transforming data: Normalizing column names to Snake Case...
2025-03-04 16:31:16,477 - INFO - Transforming data: Normalizing column names to Snake Case completed.
2025-03-04 16:31:16,477 - INFO - Transforming data: Changing payment type value...
2025-03-04 16:31:16,877 - INFO - Transforming data: Changing payment type value completed.
2025-03-04 16:31:16,878 - INFO - Transforming data: Converting trip distance from miles to kilometers...
2025-03-04 16:31:16,894 - INFO - Transforming data: Converting trip distance from miles to kilometers completed.
2025-03-04 16:31:16,894 - INFO - Transformation process completed successfully.
2025-03-04 16:31:23,303 - INFO - Saving result_data.csv to ../result as csv file...
2025-03-04 16:31:39,904 - INFO - Data successfully saved to ../result/result_data.csv
2025-03-04 16:31:39,904 - INFO - ETL pipeline executed successfully.
2025-03-04 16:31:39,987 - INFO - Program completed successfully.
2025-03-04 16:31:43,978 - INFO - Starting ETL program...
2025-03-04 16:31:43,979 - INFO - Pipeline execution started.
2025-03-04 16:31:43,979 - INFO - Extracting CSV files from ../data/csv/...
2025-03-04 16:31:43,979 - INFO - Found 36 CSV files. Reading data...
2025-03-04 16:31:45,157 - INFO - CSV data extraction completed successfully.
2025-03-04 16:31:45,168 - INFO - Extracting JSON files from ../data/json/...
2025-03-04 16:31:45,170 - INFO - Found 17 JSON files. Reading data...
2025-03-04 16:31:47,563 - INFO - JSON data extraction completed successfully.
2025-03-04 16:31:47,572 - INFO - Merging extracted data...
2025-03-04 16:31:47,646 - INFO - Saving staging_data.csv to ../staging...
2025-03-04 16:31:53,744 - INFO - Data successfully saved.
2025-03-04 16:31:53,744 - INFO - Starting transformation process on file: ../staging/staging_data.csv
2025-03-04 16:31:55,411 - INFO - File read successfully.
2025-03-04 16:31:55,411 - INFO - Transforming data: Adding trip duration...
2025-03-04 16:31:55,725 - INFO - Transforming data: Adding trip duration completed.
2025-03-04 16:31:55,725 - INFO - Transforming data: Normalizing column names to Snake Case...
2025-03-04 16:31:55,727 - INFO - Transforming data: Normalizing column names to Snake Case completed.
2025-03-04 16:31:55,727 - INFO - Transforming data: Changing payment type value...
2025-03-04 16:31:56,157 - INFO - Transforming data: Changing payment type value completed.
2025-03-04 16:31:56,158 - INFO - Transforming data: Converting trip distance from miles to kilometers...
2025-03-04 16:31:56,176 - INFO - Transforming data: Converting trip distance from miles to kilometers completed.
2025-03-04 16:31:56,176 - INFO - Transformation process completed successfully.
2025-03-04 16:31:59,435 - INFO - Saving result_data.csv to ../result as excel file...
2025-03-04 16:37:19,932 - INFO - Data successfully saved to ../result/result_data.csv
2025-03-04 16:37:19,933 - INFO - ETL pipeline executed successfully.
2025-03-04 16:37:20,109 - INFO - Program completed successfully.
2025-03-04 16:42:09,632 - INFO - Starting ETL program...
2025-03-04 16:42:09,633 - INFO - Pipeline execution started.
2025-03-04 16:42:09,633 - INFO - Extracting CSV files from ../data/csv/...
2025-03-04 16:42:09,633 - INFO - Found 36 CSV files. Reading data...
2025-03-04 16:42:10,930 - INFO - CSV data extraction completed successfully.
2025-03-04 16:42:10,941 - INFO - Extracting JSON files from ../data/json/...
2025-03-04 16:42:10,943 - INFO - Found 17 JSON files. Reading data...
2025-03-04 16:42:13,602 - INFO - JSON data extraction completed successfully.
2025-03-04 16:42:13,611 - INFO - Merging extracted data...
2025-03-04 16:42:13,706 - INFO - Saving staging_data.csv to ../staging...
2025-03-04 16:42:19,663 - INFO - Data successfully saved.
2025-03-04 16:42:19,663 - INFO - Starting transformation process on file: ../staging/staging_data.csv
2025-03-04 16:42:21,149 - INFO - File read successfully.
2025-03-04 16:42:21,149 - INFO - Transforming data: Adding trip duration...
2025-03-04 16:42:21,451 - INFO - Transforming data: Adding trip duration completed.
2025-03-04 16:42:21,451 - INFO - Transforming data: Normalizing column names to Snake Case...
2025-03-04 16:42:21,452 - INFO - Transforming data: Normalizing column names to Snake Case completed.
2025-03-04 16:42:21,452 - INFO - Transforming data: Changing payment type value...
2025-03-04 16:42:21,790 - INFO - Transforming data: Changing payment type value completed.
2025-03-04 16:42:21,790 - INFO - Transforming data: Converting trip distance from miles to kilometers...
2025-03-04 16:42:21,806 - INFO - Transforming data: Converting trip distance from miles to kilometers completed.
2025-03-04 16:42:21,806 - INFO - Transformation process completed successfully.
2025-03-04 16:42:23,356 - INFO - Saving result_data.csv to ../result as csv file...
2025-03-04 16:42:37,404 - INFO - Data successfully saved to ../result/result_data.csv 
2025-03-04 16:42:37,404 - INFO - ETL pipeline executed successfully.
2025-03-04 16:42:37,480 - INFO - Program completed successfully.
2025-03-04 16:43:44,457 - INFO - Starting ETL program...
2025-03-04 16:43:44,457 - INFO - Pipeline execution started.
2025-03-04 16:43:44,457 - INFO - Extracting CSV files from ../data/csv/...
2025-03-04 16:43:44,457 - INFO - Found 36 CSV files. Reading data...
2025-03-04 16:43:45,591 - INFO - CSV data extraction completed successfully.
2025-03-04 16:43:45,601 - INFO - Extracting JSON files from ../data/json/...
2025-03-04 16:43:45,602 - INFO - Found 17 JSON files. Reading data...
2025-03-04 16:43:47,799 - INFO - JSON data extraction completed successfully.
2025-03-04 16:43:47,806 - INFO - Merging extracted data...
2025-03-04 16:43:47,881 - INFO - Saving staging_data.csv to ../staging...
2025-03-04 16:43:53,626 - INFO - Data successfully saved.
2025-03-04 16:43:53,626 - INFO - Starting transformation process on file: ../staging/staging_data.csv
2025-03-04 16:43:55,095 - INFO - File read successfully.
2025-03-04 16:43:55,095 - INFO - Transforming data: Adding trip duration...
2025-03-04 16:43:55,405 - INFO - Transforming data: Adding trip duration completed.
2025-03-04 16:43:55,405 - INFO - Transforming data: Normalizing column names to Snake Case...
2025-03-04 16:43:55,406 - INFO - Transforming data: Normalizing column names to Snake Case completed.
2025-03-04 16:43:55,406 - INFO - Transforming data: Changing payment type value...
2025-03-04 16:43:55,766 - INFO - Transforming data: Changing payment type value completed.
2025-03-04 16:43:55,766 - INFO - Transforming data: Converting trip distance from miles to kilometers...
2025-03-04 16:43:55,782 - INFO - Transforming data: Converting trip distance from miles to kilometers completed.
2025-03-04 16:43:55,782 - INFO - Transformation process completed successfully.
2025-03-04 16:43:56,696 - INFO - Saving result_data.csv to ../result as csv file...
2025-03-04 16:44:10,364 - INFO - Data successfully saved to ../result/result_data.csv
2025-03-04 16:44:10,364 - INFO - ETL pipeline executed successfully.
2025-03-04 16:44:10,441 - INFO - Program completed successfully.
2025-03-04 16:44:44,921 - INFO - Starting ETL program...
2025-03-04 16:44:44,922 - INFO - Pipeline execution started.
2025-03-04 16:44:44,922 - INFO - Extracting CSV files from ../data/csv/...
2025-03-04 16:44:44,922 - INFO - Found 36 CSV files. Reading data...
2025-03-04 16:44:46,193 - INFO - CSV data extraction completed successfully.
2025-03-04 16:44:46,205 - INFO - Extracting JSON files from ../data/json/...
2025-03-04 16:44:46,206 - INFO - Found 17 JSON files. Reading data...
2025-03-04 16:44:48,337 - INFO - JSON data extraction completed successfully.
2025-03-04 16:44:48,348 - INFO - Merging extracted data...
2025-03-04 16:44:48,426 - INFO - Saving staging_data.csv to ../staging...
2025-03-04 16:44:53,991 - INFO - Data successfully saved.
2025-03-04 16:44:53,992 - INFO - Starting transformation process on file: ../staging/staging_data.csv
2025-03-04 16:44:55,579 - INFO - File read successfully.
2025-03-04 16:44:55,579 - INFO - Transforming data: Adding trip duration...
2025-03-04 16:44:55,895 - INFO - Transforming data: Adding trip duration completed.
2025-03-04 16:44:55,895 - INFO - Transforming data: Normalizing column names to Snake Case...
2025-03-04 16:44:55,896 - INFO - Transforming data: Normalizing column names to Snake Case completed.
2025-03-04 16:44:55,896 - INFO - Transforming data: Changing payment type value...
2025-03-04 16:44:56,257 - INFO - Transforming data: Changing payment type value completed.
2025-03-04 16:44:56,258 - INFO - Transforming data: Converting trip distance from miles to kilometers...
2025-03-04 16:44:56,275 - INFO - Transforming data: Converting trip distance from miles to kilometers completed.
2025-03-04 16:44:56,275 - INFO - Transformation process completed successfully.
2025-03-04 16:44:57,600 - INFO - Saving result_data.xlsx to ../result as excel file...
2025-03-04 16:49:14,359 - INFO - Data successfully saved to ../result/result_data.xlsx
2025-03-04 16:49:14,368 - INFO - ETL pipeline executed successfully.
2025-03-04 16:49:14,567 - INFO - Program completed successfully.
2025-03-04 16:53:40,574 - INFO - Starting ETL program...
2025-03-04 16:53:40,575 - INFO - Pipeline execution started.
2025-03-04 16:53:40,575 - INFO - Extracting CSV files from ../data/csv/...
2025-03-04 16:53:40,575 - INFO - Found 36 CSV files. Reading data...
2025-03-04 16:53:41,889 - INFO - CSV data extraction completed successfully.
2025-03-04 16:53:41,901 - INFO - Extracting JSON files from ../data/json/...
2025-03-04 16:53:41,901 - INFO - Found 17 JSON files. Reading data...
2025-03-04 16:53:44,222 - INFO - JSON data extraction completed successfully.
2025-03-04 16:53:44,230 - INFO - Merging extracted data...
2025-03-04 16:53:44,308 - INFO - Saving staging_data.csv to ../staging...
2025-03-04 16:53:50,578 - INFO - Data successfully saved.
2025-03-04 16:53:50,578 - INFO - Starting transformation process on file: ../staging/staging_data.csv
2025-03-04 16:53:52,510 - INFO - File read successfully.
2025-03-04 16:53:52,511 - INFO - Transforming data: Adding trip duration...
2025-03-04 16:53:52,827 - INFO - Transforming data: Adding trip duration completed.
2025-03-04 16:53:52,827 - INFO - Transforming data: Normalizing column names to Snake Case...
2025-03-04 16:53:52,829 - INFO - Transforming data: Normalizing column names to Snake Case completed.
2025-03-04 16:53:52,829 - INFO - Transforming data: Changing payment type value...
2025-03-04 16:53:53,476 - INFO - Transforming data: Changing payment type value completed.
2025-03-04 16:53:53,476 - INFO - Transforming data: Converting trip distance from miles to kilometers...
2025-03-04 16:53:53,502 - INFO - Transforming data: Converting trip distance from miles to kilometers completed.
2025-03-04 16:53:53,503 - INFO - Transformation process completed successfully.
2025-03-04 16:54:30,599 - INFO - Starting ETL program...
2025-03-04 16:54:30,600 - INFO - Pipeline execution started.
2025-03-04 16:54:30,600 - INFO - Extracting CSV files from ../data/csv/...
2025-03-04 16:54:30,600 - INFO - Found 36 CSV files. Reading data...
2025-03-04 16:54:31,843 - INFO - CSV data extraction completed successfully.
2025-03-04 16:54:31,858 - INFO - Extracting JSON files from ../data/json/...
2025-03-04 16:54:31,859 - INFO - Found 17 JSON files. Reading data...
2025-03-04 16:54:34,081 - INFO - JSON data extraction completed successfully.
2025-03-04 16:54:34,089 - INFO - Merging extracted data...
2025-03-04 16:54:34,162 - INFO - Saving staging_data.csv to ../staging...
2025-03-04 16:54:39,781 - INFO - Data successfully saved.
2025-03-04 16:54:39,781 - INFO - Starting transformation process on file: ../staging/staging_data.csv
2025-03-04 16:54:41,189 - INFO - File read successfully.
2025-03-04 16:54:41,189 - INFO - Transforming data: Adding trip duration...
2025-03-04 16:54:41,482 - INFO - Transforming data: Adding trip duration completed.
2025-03-04 16:54:41,483 - INFO - Transforming data: Normalizing column names to Snake Case...
2025-03-04 16:54:41,484 - INFO - Transforming data: Normalizing column names to Snake Case completed.
2025-03-04 16:54:41,484 - INFO - Transforming data: Changing payment type value...
2025-03-04 16:54:41,852 - INFO - Transforming data: Changing payment type value completed.
2025-03-04 16:54:41,852 - INFO - Transforming data: Converting trip distance from miles to kilometers...
2025-03-04 16:54:41,869 - INFO - Transforming data: Converting trip distance from miles to kilometers completed.
2025-03-04 16:54:41,869 - INFO - Transformation process completed successfully.
2025-03-04 16:55:34,933 - INFO - Starting ETL program...
2025-03-04 16:55:34,933 - INFO - Pipeline execution started.
2025-03-04 16:55:34,933 - INFO - Extracting CSV files from ../data/csv/...
2025-03-04 16:55:34,933 - INFO - Found 36 CSV files. Reading data...
2025-03-04 16:55:36,072 - INFO - CSV data extraction completed successfully.
2025-03-04 16:55:36,084 - INFO - Extracting JSON files from ../data/json/...
2025-03-04 16:55:36,084 - INFO - Found 17 JSON files. Reading data...
2025-03-04 16:55:38,250 - INFO - JSON data extraction completed successfully.
2025-03-04 16:55:38,258 - INFO - Merging extracted data...
2025-03-04 16:55:38,330 - INFO - Saving staging_data.csv to ../staging...
2025-03-04 16:55:43,853 - INFO - Data successfully saved.
2025-03-04 16:55:43,853 - INFO - Starting transformation process on file: ../staging/staging_data.csv
2025-03-04 16:55:45,245 - INFO - File read successfully.
2025-03-04 16:55:45,245 - INFO - Transforming data: Adding trip duration...
2025-03-04 16:55:45,550 - INFO - Transforming data: Adding trip duration completed.
2025-03-04 16:55:45,551 - INFO - Transforming data: Normalizing column names to Snake Case...
2025-03-04 16:55:45,552 - INFO - Transforming data: Normalizing column names to Snake Case completed.
2025-03-04 16:55:45,552 - INFO - Transforming data: Changing payment type value...
2025-03-04 16:55:45,953 - INFO - Transforming data: Changing payment type value completed.
2025-03-04 16:55:45,954 - INFO - Transforming data: Converting trip distance from miles to kilometers...
2025-03-04 16:55:45,970 - INFO - Transforming data: Converting trip distance from miles to kilometers completed.
2025-03-04 16:55:45,970 - INFO - Transformation process completed successfully.
2025-03-04 16:55:56,993 - INFO - Saving result_data.csv to ../result as csv file...
2025-03-04 16:56:10,979 - INFO - Data successfully saved to ../result/result_data.csv
2025-03-04 16:56:10,979 - INFO - ETL pipeline executed successfully.
2025-03-04 16:56:11,064 - INFO - Program completed successfully.
2025-03-05 11:20:13,107 - INFO - Starting ETL program...
2025-03-05 11:20:13,113 - INFO - Pipeline execution started.
2025-03-05 11:20:13,116 - ERROR - Error extracting CSV data: 'CSVExtractor' object has no attribute 'load_csv'
Traceback (most recent call last):
  File "/Users/dimasadimo/Desktop/Learning/Purwadika/Module 1/Capstone/taxi-pipeline/src/extract.py", line 82, in worker
    self.load_csv(file_path, csv_data, lock)
AttributeError: 'CSVExtractor' object has no attribute 'load_csv'
2025-03-05 11:20:13,116 - ERROR - Error extracting CSV data: 'CSVExtractor' object has no attribute 'load_csv'
Traceback (most recent call last):
  File "/Users/dimasadimo/Desktop/Learning/Purwadika/Module 1/Capstone/taxi-pipeline/src/extract.py", line 82, in worker
    self.load_csv(file_path, csv_data, lock)
AttributeError: 'CSVExtractor' object has no attribute 'load_csv'
2025-03-05 11:20:13,116 - ERROR - Error extracting CSV data: 'CSVExtractor' object has no attribute 'load_csv'
Traceback (most recent call last):
  File "/Users/dimasadimo/Desktop/Learning/Purwadika/Module 1/Capstone/taxi-pipeline/src/extract.py", line 82, in worker
    self.load_csv(file_path, csv_data, lock)
AttributeError: 'CSVExtractor' object has no attribute 'load_csv'
2025-03-05 11:20:13,117 - ERROR - Error extracting CSV data: 'CSVExtractor' object has no attribute 'load_csv'
Traceback (most recent call last):
  File "/Users/dimasadimo/Desktop/Learning/Purwadika/Module 1/Capstone/taxi-pipeline/src/extract.py", line 82, in worker
    self.load_csv(file_path, csv_data, lock)
AttributeError: 'CSVExtractor' object has no attribute 'load_csv'
2025-03-05 11:20:13,166 - INFO - Extracting JSON files from ../data/json/...
2025-03-05 11:20:13,166 - INFO - Found 17 JSON files. Reading data...
2025-03-05 11:20:15,772 - INFO - JSON data extraction completed successfully.
2025-03-05 11:20:15,780 - INFO - Merging extracted data...
2025-03-05 11:20:15,807 - INFO - Saving staging_data.csv to ../staging...
2025-03-05 11:20:17,982 - INFO - Data successfully saved.
2025-03-05 11:20:17,982 - INFO - Starting transformation process on file: ../staging/staging_data.csv
2025-03-05 11:20:18,597 - INFO - File read successfully.
2025-03-05 11:20:18,597 - INFO - Transforming data: Adding trip duration...
2025-03-05 11:20:18,703 - INFO - Transforming data: Adding trip duration completed.
2025-03-05 11:20:18,704 - INFO - Transforming data: Normalizing column names to Snake Case...
2025-03-05 11:20:18,705 - INFO - Transforming data: Normalizing column names to Snake Case completed.
2025-03-05 11:20:18,705 - INFO - Transforming data: Changing payment type value...
2025-03-05 11:20:18,843 - INFO - Transforming data: Changing payment type value completed.
2025-03-05 11:20:18,843 - INFO - Transforming data: Converting trip distance from miles to kilometers...
2025-03-05 11:20:18,848 - INFO - Transforming data: Converting trip distance from miles to kilometers completed.
2025-03-05 11:20:18,848 - INFO - Transformation process completed successfully.
2025-03-05 11:20:53,118 - INFO - Starting ETL program...
2025-03-05 11:20:53,118 - INFO - Pipeline execution started.
2025-03-05 11:20:54,850 - INFO - Extracting JSON files from ../data/json/...
2025-03-05 11:20:54,851 - INFO - Found 17 JSON files. Reading data...
2025-03-05 11:20:58,962 - INFO - JSON data extraction completed successfully.
2025-03-05 11:20:58,979 - INFO - Merging extracted data...
2025-03-05 11:20:59,011 - INFO - Saving staging_data.csv to ../staging...
2025-03-05 11:21:01,896 - INFO - Data successfully saved.
2025-03-05 11:21:01,896 - INFO - Starting transformation process on file: ../staging/staging_data.csv
2025-03-05 11:21:02,475 - INFO - File read successfully.
2025-03-05 11:21:02,475 - INFO - Transforming data: Adding trip duration...
2025-03-05 11:21:02,584 - INFO - Transforming data: Adding trip duration completed.
2025-03-05 11:21:02,584 - INFO - Transforming data: Normalizing column names to Snake Case...
2025-03-05 11:21:02,586 - INFO - Transforming data: Normalizing column names to Snake Case completed.
2025-03-05 11:21:02,587 - INFO - Transforming data: Changing payment type value...
2025-03-05 11:21:02,759 - INFO - Transforming data: Changing payment type value completed.
2025-03-05 11:21:02,760 - INFO - Transforming data: Converting trip distance from miles to kilometers...
2025-03-05 11:21:02,766 - INFO - Transforming data: Converting trip distance from miles to kilometers completed.
2025-03-05 11:21:02,766 - INFO - Transformation process completed successfully.
2025-03-05 11:25:10,993 - INFO - Starting ETL program...
2025-03-05 11:25:10,994 - INFO - Pipeline execution started.
2025-03-05 11:25:10,994 - INFO - Extracting CSV files from ../data/csv/...
2025-03-05 11:25:12,476 - INFO - Extracting JSON files from ../data/json/...
2025-03-05 11:25:12,476 - INFO - Found 17 JSON files. Reading data...
2025-03-05 11:25:15,169 - INFO - JSON data extraction completed successfully.
2025-03-05 11:25:15,179 - INFO - Merging extracted data...
2025-03-05 11:25:15,212 - INFO - Saving staging_data.csv to ../staging...
2025-03-05 11:25:17,293 - INFO - Data successfully saved.
2025-03-05 11:25:17,293 - INFO - Starting transformation process on file: ../staging/staging_data.csv
2025-03-05 11:25:17,798 - INFO - File read successfully.
2025-03-05 11:25:17,798 - INFO - Transforming data: Adding trip duration...
2025-03-05 11:25:17,895 - INFO - Transforming data: Adding trip duration completed.
2025-03-05 11:25:17,896 - INFO - Transforming data: Normalizing column names to Snake Case...
2025-03-05 11:25:17,897 - INFO - Transforming data: Normalizing column names to Snake Case completed.
2025-03-05 11:25:17,897 - INFO - Transforming data: Changing payment type value...
2025-03-05 11:25:18,018 - INFO - Transforming data: Changing payment type value completed.
2025-03-05 11:25:18,018 - INFO - Transforming data: Converting trip distance from miles to kilometers...
2025-03-05 11:25:18,022 - INFO - Transforming data: Converting trip distance from miles to kilometers completed.
2025-03-05 11:25:18,023 - INFO - Transformation process completed successfully.
2025-03-05 11:25:44,790 - INFO - Starting ETL program...
2025-03-05 11:25:44,790 - INFO - Pipeline execution started.
2025-03-05 11:25:44,790 - INFO - Extracting CSV files from ../data/csv/...
2025-03-05 11:25:45,567 - INFO - Extracting JSON files from ../data/json/...
2025-03-05 11:25:45,567 - INFO - Found 17 JSON files. Reading data...
2025-03-05 11:25:47,724 - INFO - JSON data extraction completed successfully.
2025-03-05 11:25:47,731 - INFO - Merging extracted data...
2025-03-05 11:25:47,769 - INFO - Saving staging_data.csv to ../staging...
2025-03-05 11:25:49,767 - INFO - Data successfully saved.
2025-03-05 11:25:49,767 - INFO - Starting transformation process on file: ../staging/staging_data.csv
2025-03-05 11:25:50,233 - INFO - File read successfully.
2025-03-05 11:25:50,233 - INFO - Transforming data: Adding trip duration...
2025-03-05 11:25:50,324 - INFO - Transforming data: Adding trip duration completed.
2025-03-05 11:25:50,324 - INFO - Transforming data: Normalizing column names to Snake Case...
2025-03-05 11:25:50,325 - INFO - Transforming data: Normalizing column names to Snake Case completed.
2025-03-05 11:25:50,325 - INFO - Transforming data: Changing payment type value...
2025-03-05 11:25:50,443 - INFO - Transforming data: Changing payment type value completed.
2025-03-05 11:25:50,444 - INFO - Transforming data: Converting trip distance from miles to kilometers...
2025-03-05 11:25:50,448 - INFO - Transforming data: Converting trip distance from miles to kilometers completed.
2025-03-05 11:25:50,448 - INFO - Transformation process completed successfully.
2025-03-05 11:28:03,337 - INFO - Starting ETL program...
2025-03-05 11:28:03,338 - INFO - Pipeline execution started.
2025-03-05 11:28:03,338 - INFO - Extracting CSV files from ../data/csv/...
2025-03-05 11:28:04,086 - INFO - Extracting JSON files from ../data/json/...
2025-03-05 11:28:04,087 - INFO - Found 17 JSON files. Reading data...
2025-03-05 11:28:06,473 - INFO - JSON data extraction completed successfully.
2025-03-05 11:28:06,481 - INFO - Merging extracted data...
2025-03-05 11:28:06,520 - INFO - Saving staging_data.csv to ../staging...
2025-03-05 11:29:53,042 - INFO - Starting ETL program...
2025-03-05 11:29:53,042 - INFO - Pipeline execution started.
2025-03-05 11:29:53,043 - INFO - Extracting CSV files from ../data/csv/...
2025-03-05 11:29:53,043 - INFO - Found 36 CSV files. Reading data...
2025-03-05 11:29:53,839 - INFO - CSV data extraction completed successfully.
2025-03-05 11:29:53,851 - INFO - Extracting JSON files from ../data/json/...
2025-03-05 11:29:53,852 - INFO - Found 17 JSON files. Reading data...
2025-03-05 11:29:55,996 - INFO - JSON data extraction completed successfully.
2025-03-05 11:29:56,004 - INFO - Merging extracted data...
2025-03-05 11:29:56,084 - INFO - Saving staging_data.csv to ../staging...
2025-03-05 11:30:01,617 - INFO - Data successfully saved.
2025-03-05 11:30:01,617 - INFO - Starting transformation process on file: ../staging/staging_data.csv
2025-03-05 11:30:03,158 - INFO - File read successfully.
2025-03-05 11:30:03,164 - INFO - Transforming data: Adding trip duration...
2025-03-05 11:30:03,473 - INFO - Transforming data: Adding trip duration completed.
2025-03-05 11:30:03,473 - INFO - Transforming data: Normalizing column names to Snake Case...
2025-03-05 11:30:03,474 - INFO - Transforming data: Normalizing column names to Snake Case completed.
2025-03-05 11:30:03,474 - INFO - Transforming data: Changing payment type value...
2025-03-05 11:30:03,850 - INFO - Transforming data: Changing payment type value completed.
2025-03-05 11:30:03,850 - INFO - Transforming data: Converting trip distance from miles to kilometers...
2025-03-05 11:30:03,866 - INFO - Transforming data: Converting trip distance from miles to kilometers completed.
2025-03-05 11:30:03,866 - INFO - Transformation process completed successfully.
2025-03-05 11:30:05,099 - INFO - Saving result_data.csv to ../result as csv file...
2025-03-05 11:30:18,629 - INFO - Data successfully saved to ../result/result_data.csv
2025-03-05 11:30:18,629 - INFO - ETL pipeline executed successfully.
2025-03-05 11:30:18,724 - INFO - Program completed successfully.
2025-03-05 11:38:04,955 - INFO - Starting ETL program...
2025-03-05 11:38:04,955 - INFO - Pipeline execution started.
2025-03-05 11:38:04,955 - INFO - Extracting CSV files from ../data/csv/...
2025-03-05 11:38:04,955 - INFO - Found 36 CSV files. Reading data...
2025-03-05 11:38:05,817 - INFO - CSV data extraction completed successfully.
2025-03-05 11:38:05,829 - INFO - Extracting JSON files from ../data/json/...
2025-03-05 11:38:05,829 - INFO - Found 17 JSON files. Reading data...
2025-03-05 11:38:05,829 - ERROR - Error extracting JSON data: 'NoneType' object cannot be interpreted as an integer
Traceback (most recent call last):
  File "/Users/dimasadimo/Desktop/Learning/Purwadika/Module 1/Capstone/taxi-pipeline/src/extract.py", line 112, in extract
    threads = [threading.Thread(target=self.worker, args=(queue, json_data, lock)) for _ in range(num_threads)]
TypeError: 'NoneType' object cannot be interpreted as an integer
2025-03-05 11:38:05,830 - ERROR - Error in pipeline execution: 'NoneType' object cannot be interpreted as an integer
Traceback (most recent call last):
  File "/Users/dimasadimo/Desktop/Learning/Purwadika/Module 1/Capstone/taxi-pipeline/src/pipeline.py", line 20, in run
    extracted_data = item.extract()
  File "/Users/dimasadimo/Desktop/Learning/Purwadika/Module 1/Capstone/taxi-pipeline/src/extract.py", line 112, in extract
    threads = [threading.Thread(target=self.worker, args=(queue, json_data, lock)) for _ in range(num_threads)]
TypeError: 'NoneType' object cannot be interpreted as an integer
2025-03-05 11:39:28,641 - INFO - Starting ETL program...
2025-03-05 11:39:28,641 - INFO - Pipeline execution started.
2025-03-05 11:39:28,641 - INFO - Extracting CSV files from ../data/csv/...
2025-03-05 11:39:28,642 - INFO - Found 36 CSV files. Reading data...
2025-03-05 11:39:29,427 - INFO - CSV data extraction completed successfully.
2025-03-05 11:39:29,443 - INFO - Extracting JSON files from ../data/json/...
2025-03-05 11:39:29,443 - INFO - Found 17 JSON files. Reading data...
2025-03-05 11:39:29,443 - ERROR - Error extracting JSON data: 'NoneType' object cannot be interpreted as an integer
Traceback (most recent call last):
  File "/Users/dimasadimo/Desktop/Learning/Purwadika/Module 1/Capstone/taxi-pipeline/src/extract.py", line 112, in extract
    threads = [threading.Thread(target=self.worker, args=(queue, json_data, lock)) for _ in range(num_threads)]
TypeError: 'NoneType' object cannot be interpreted as an integer
2025-03-05 11:39:29,443 - ERROR - Error in pipeline execution: 'NoneType' object cannot be interpreted as an integer
Traceback (most recent call last):
  File "/Users/dimasadimo/Desktop/Learning/Purwadika/Module 1/Capstone/taxi-pipeline/src/pipeline.py", line 20, in run
    extracted_data = item.extract()
  File "/Users/dimasadimo/Desktop/Learning/Purwadika/Module 1/Capstone/taxi-pipeline/src/extract.py", line 112, in extract
    threads = [threading.Thread(target=self.worker, args=(queue, json_data, lock)) for _ in range(num_threads)]
TypeError: 'NoneType' object cannot be interpreted as an integer
2025-03-05 11:43:10,875 - INFO - Starting ETL program...
2025-03-05 11:43:10,881 - INFO - Pipeline execution started.
2025-03-05 11:43:10,897 - INFO - Extracting CSV files from ../data/csv/...
2025-03-05 11:43:10,898 - INFO - Found 36 CSV files. Reading data...
2025-03-05 11:43:12,336 - INFO - CSV data extraction completed successfully.
2025-03-05 11:43:12,357 - INFO - Extracting JSON files from ../data/json/...
2025-03-05 11:43:12,357 - INFO - Found 17 JSON files. Reading data...
2025-03-05 11:43:14,994 - INFO - JSON data extraction completed successfully.
2025-03-05 11:43:15,003 - INFO - Merging extracted data...
2025-03-05 11:43:15,136 - INFO - Saving staging_data.csv to ../staging...
2025-03-05 11:43:21,071 - INFO - Data successfully saved.
2025-03-05 11:43:21,077 - INFO - Starting transformation process on file: ../staging/staging_data.csv
2025-03-05 11:43:22,726 - INFO - File read successfully.
2025-03-05 11:43:22,726 - INFO - Transforming data: Adding trip duration...
2025-03-05 11:43:23,157 - INFO - Transforming data: Adding trip duration completed.
2025-03-05 11:43:23,158 - INFO - Transforming data: Normalizing column names to Snake Case...
2025-03-05 11:43:23,177 - INFO - Transforming data: Normalizing column names to Snake Case completed.
2025-03-05 11:43:23,177 - INFO - Transforming data: Changing payment type value...
2025-03-05 11:43:23,662 - INFO - Transforming data: Changing payment type value completed.
2025-03-05 11:43:23,662 - INFO - Transforming data: Converting trip distance from miles to kilometers...
2025-03-05 11:43:23,679 - INFO - Transforming data: Converting trip distance from miles to kilometers completed.
2025-03-05 11:43:23,679 - INFO - Transformation process completed successfully.
2025-03-05 11:43:27,932 - INFO - Saving result_data.csv to ../result as csv file...
2025-03-05 11:43:41,547 - INFO - Data successfully saved to ../result/result_data.csv
2025-03-05 11:43:41,548 - INFO - ETL pipeline executed successfully.
2025-03-05 11:43:41,637 - INFO - Program completed successfully.
2025-03-05 11:46:51,543 - INFO - Starting ETL program...
2025-03-05 11:46:51,554 - INFO - Pipeline execution started.
2025-03-05 11:46:51,556 - INFO - Extracting CSV files from ../data/csv/...
2025-03-05 11:46:51,557 - INFO - Found 36 CSV files. Reading data...
2025-03-05 11:46:52,682 - INFO - CSV data extraction completed successfully.
2025-03-05 11:46:52,704 - INFO - Extracting JSON files from ../data/json/...
2025-03-05 11:46:52,705 - INFO - Found 17 JSON files. Reading data...
2025-03-05 11:46:55,195 - INFO - JSON data extraction completed successfully.
2025-03-05 11:46:55,203 - INFO - Merging extracted data...
2025-03-05 11:46:55,285 - INFO - Saving staging_data.csv to ../staging...
2025-03-05 11:47:00,786 - INFO - Data successfully saved.
2025-03-05 11:47:00,786 - INFO - Starting transformation process on file: ../staging/staging_data.csv
2025-03-05 11:47:02,366 - INFO - File read successfully.
2025-03-05 11:47:02,372 - INFO - Transforming data: Adding trip duration...
2025-03-05 11:47:02,680 - INFO - Transforming data: Adding trip duration completed.
2025-03-05 11:47:02,681 - INFO - Transforming data: Normalizing column names to Snake Case...
2025-03-05 11:47:02,682 - INFO - Transforming data: Normalizing column names to Snake Case completed.
2025-03-05 11:47:02,829 - INFO - Transforming data: Changing payment type value...
2025-03-05 11:47:03,416 - INFO - Transforming data: Changing payment type value completed.
2025-03-05 11:47:03,416 - INFO - Transforming data: Converting trip distance from miles to kilometers...
2025-03-05 11:47:03,430 - INFO - Transforming data: Converting trip distance from miles to kilometers completed.
2025-03-05 11:47:03,431 - INFO - Transformation process completed successfully.
2025-03-05 11:47:04,732 - INFO - Saving result_data.csv to ../result as csv file...
2025-03-05 11:47:18,395 - INFO - Data successfully saved to ../result/result_data.csv
2025-03-05 11:47:18,395 - INFO - ETL pipeline executed successfully.
2025-03-05 11:47:18,488 - INFO - Program completed successfully.
2025-03-05 11:47:44,845 - INFO - Starting ETL program...
2025-03-05 11:47:44,846 - INFO - Pipeline execution started.
2025-03-05 11:47:44,846 - INFO - Extracting CSV files from ../data/csv/...
2025-03-05 11:47:44,847 - INFO - Found 36 CSV files. Reading data...
2025-03-05 11:47:45,654 - INFO - CSV data extraction completed successfully.
2025-03-05 11:47:45,667 - INFO - Extracting JSON files from ../data/json/...
2025-03-05 11:47:45,668 - INFO - Found 17 JSON files. Reading data...
2025-03-05 11:47:47,820 - INFO - JSON data extraction completed successfully.
2025-03-05 11:47:47,828 - INFO - Merging extracted data...
2025-03-05 11:47:47,908 - INFO - Saving staging_data.csv to ../staging...
2025-03-05 11:47:53,422 - INFO - Data successfully saved.
2025-03-05 11:47:53,422 - INFO - Starting transformation process on file: ../staging/staging_data.csv
2025-03-05 11:47:54,809 - INFO - File read successfully.
2025-03-05 11:47:54,809 - INFO - Transforming data: Adding trip duration...
2025-03-05 11:47:55,101 - INFO - Transforming data: Adding trip duration completed.
2025-03-05 11:47:55,101 - INFO - Transforming data: Normalizing column names to Snake Case...
2025-03-05 11:47:55,102 - INFO - Transforming data: Normalizing column names to Snake Case completed.
2025-03-05 11:47:55,245 - INFO - Transforming data: Changing payment type value...
2025-03-05 11:47:55,676 - INFO - Transforming data: Changing payment type value completed.
2025-03-05 11:47:55,678 - INFO - Transforming data: Converting trip distance from miles to kilometers...
2025-03-05 11:47:55,695 - INFO - Transforming data: Converting trip distance from miles to kilometers completed.
2025-03-05 11:47:55,696 - INFO - Transformation process completed successfully.
2025-03-05 11:47:57,374 - INFO - Saving result_data.xlsx to ../result as excel file...
2025-03-05 11:52:11,821 - INFO - Data successfully saved to ../result/result_data.xlsx
2025-03-05 11:52:11,821 - INFO - ETL pipeline executed successfully.
2025-03-05 11:52:11,979 - INFO - Program completed successfully.
2025-03-05 12:16:11,608 - INFO - Starting ETL program...
2025-03-05 12:16:11,608 - INFO - Pipeline execution started.
2025-03-05 12:16:11,608 - INFO - Extracting CSV files from ../data/csv/...
2025-03-05 12:16:11,609 - INFO - Found 36 CSV files. Reading data...
2025-03-05 12:16:12,396 - INFO - CSV data extraction completed successfully.
2025-03-05 12:16:12,407 - INFO - Extracting JSON files from ../data/json/...
2025-03-05 12:16:12,409 - INFO - Found 17 JSON files. Reading data...
2025-03-05 12:16:14,538 - INFO - JSON data extraction completed successfully.
2025-03-05 12:16:14,546 - INFO - Merging extracted data...
2025-03-05 12:16:14,629 - INFO - Saving staging_data.csv to ../staging...
2025-03-05 12:16:20,153 - INFO - Data successfully saved.
2025-03-05 12:16:20,153 - INFO - Starting transformation process on file: ../staging/staging_data.csv
2025-03-05 12:16:21,530 - INFO - File read successfully.
2025-03-05 12:16:21,530 - INFO - Transforming data: Adding trip duration...
2025-03-05 12:16:21,886 - INFO - Transforming data: Adding trip duration completed.
2025-03-05 12:16:21,887 - INFO - Transforming data: Normalizing column names to Snake Case...
2025-03-05 12:16:21,888 - INFO - Transforming data: Normalizing column names to Snake Case completed.
2025-03-05 12:16:22,051 - INFO - Transforming data: Changing payment type value...
2025-03-05 12:16:22,440 - INFO - Transforming data: Changing payment type value completed.
2025-03-05 12:16:22,440 - INFO - Transforming data: Converting trip distance from miles to kilometers...
2025-03-05 12:16:22,455 - INFO - Transforming data: Converting trip distance from miles to kilometers completed.
2025-03-05 12:16:22,456 - INFO - Transformation process completed successfully.
2025-03-05 12:16:23,626 - INFO - Saving result_data.csv to ../result as csv file...
2025-03-05 12:16:37,891 - INFO - Data successfully saved to ../result/result_data.csv
2025-03-05 12:16:38,543 - ERROR - Error load data: unsupported format string passed to Timedelta.__format__
Traceback (most recent call last):
  File "/Users/dimasadimo/Desktop/Learning/Purwadika/Module 1/Capstone/taxi-pipeline/src/load.py", line 28, in load
    self.show(df=data)
  File "/Users/dimasadimo/Desktop/Learning/Purwadika/Module 1/Capstone/taxi-pipeline/src/load.py", line 62, in show
    print(f"   - Mean: {df[col].mean():.2f}")
TypeError: unsupported format string passed to Timedelta.__format__
2025-03-05 12:16:38,544 - ERROR - Error in pipeline execution: unsupported format string passed to Timedelta.__format__
Traceback (most recent call last):
  File "/Users/dimasadimo/Desktop/Learning/Purwadika/Module 1/Capstone/taxi-pipeline/src/pipeline.py", line 29, in run
    self.loader.load(final_result)
  File "/Users/dimasadimo/Desktop/Learning/Purwadika/Module 1/Capstone/taxi-pipeline/src/load.py", line 28, in load
    self.show(df=data)
  File "/Users/dimasadimo/Desktop/Learning/Purwadika/Module 1/Capstone/taxi-pipeline/src/load.py", line 62, in show
    print(f"   - Mean: {df[col].mean():.2f}")
TypeError: unsupported format string passed to Timedelta.__format__
2025-03-05 12:18:42,769 - INFO - Starting ETL program...
2025-03-05 12:18:42,770 - INFO - Pipeline execution started.
2025-03-05 12:18:42,770 - INFO - Extracting CSV files from ../data/csv/...
2025-03-05 12:18:42,770 - INFO - Found 36 CSV files. Reading data...
2025-03-05 12:18:43,528 - INFO - CSV data extraction completed successfully.
2025-03-05 12:18:43,543 - INFO - Extracting JSON files from ../data/json/...
2025-03-05 12:18:43,543 - INFO - Found 17 JSON files. Reading data...
2025-03-05 12:18:45,680 - INFO - JSON data extraction completed successfully.
2025-03-05 12:18:45,689 - INFO - Merging extracted data...
2025-03-05 12:18:45,768 - INFO - Saving staging_data.csv to ../staging...
2025-03-05 12:18:51,465 - INFO - Data successfully saved.
2025-03-05 12:18:51,465 - INFO - Starting transformation process on file: ../staging/staging_data.csv
2025-03-05 12:18:52,903 - INFO - File read successfully.
2025-03-05 12:18:52,903 - INFO - Transforming data: Adding trip duration...
2025-03-05 12:18:53,208 - INFO - Transforming data: Adding trip duration completed.
2025-03-05 12:18:53,208 - INFO - Transforming data: Normalizing column names to Snake Case...
2025-03-05 12:18:53,209 - INFO - Transforming data: Normalizing column names to Snake Case completed.
2025-03-05 12:18:53,355 - INFO - Transforming data: Changing payment type value...
2025-03-05 12:18:53,733 - INFO - Transforming data: Changing payment type value completed.
2025-03-05 12:18:53,733 - INFO - Transforming data: Converting trip distance from miles to kilometers...
2025-03-05 12:18:53,752 - INFO - Transforming data: Converting trip distance from miles to kilometers completed.
2025-03-05 12:18:53,752 - INFO - Transformation process completed successfully.
2025-03-05 12:18:55,889 - INFO - Saving result_data.csv to ../result as csv file...
2025-03-05 12:19:09,973 - INFO - Data successfully saved to ../result/result_data.csv
2025-03-05 12:19:09,974 - INFO - ETL pipeline executed successfully.
2025-03-05 12:19:10,070 - INFO - Program completed successfully.
2025-03-05 13:08:26,520 - INFO - Starting ETL program...
2025-03-05 13:08:26,521 - INFO - Pipeline execution started.
2025-03-05 13:08:26,521 - INFO - Extracting CSV files from ../data/csv/...
2025-03-05 13:08:26,522 - INFO - Found 36 CSV files. Reading data...
2025-03-05 13:08:27,387 - INFO - CSV data extraction completed successfully.
2025-03-05 13:08:27,401 - INFO - Extracting JSON files from ../data/json/...
2025-03-05 13:08:27,401 - INFO - Found 17 JSON files. Reading data...
2025-03-05 13:08:29,712 - INFO - JSON data extraction completed successfully.
2025-03-05 13:08:29,721 - INFO - Merging extracted data...
2025-03-05 13:08:29,813 - INFO - Saving staging_data.csv to ../staging...
2025-03-05 13:08:35,434 - INFO - Data successfully saved.
2025-03-05 13:08:35,438 - INFO - Starting transformation process on file: ../staging/staging_data.csv
2025-03-05 13:08:36,945 - INFO - File read successfully.
2025-03-05 13:08:36,946 - INFO - Transforming data: Adding trip duration...
2025-03-05 13:08:37,248 - INFO - Transforming data: Adding trip duration completed.
2025-03-05 13:08:37,248 - INFO - Transforming data: Normalizing column names to Snake Case...
2025-03-05 13:08:37,249 - INFO - Transforming data: Normalizing column names to Snake Case completed.
2025-03-05 13:08:37,389 - INFO - Transforming data: Changing payment type value...
2025-03-05 13:08:37,804 - INFO - Transforming data: Changing payment type value completed.
2025-03-05 13:08:37,804 - INFO - Transforming data: Converting trip distance from miles to kilometers...
2025-03-05 13:08:37,822 - INFO - Transforming data: Converting trip distance from miles to kilometers completed.
2025-03-05 13:08:37,822 - INFO - Transformation process completed successfully.
2025-03-05 13:08:40,067 - INFO - Saving result_data.csv to ../result as csv file...
2025-03-05 13:08:53,840 - INFO - Data successfully saved to ../result/result_data.csv
2025-03-05 13:08:53,872 - INFO - ETL pipeline executed successfully.
2025-03-05 13:08:53,970 - INFO - Program completed successfully.
2025-03-05 13:10:20,844 - INFO - Starting ETL program...
2025-03-05 13:10:20,845 - INFO - Pipeline execution started.
2025-03-05 13:10:20,845 - INFO - Extracting CSV files from ../data/csv/...
2025-03-05 13:10:20,845 - INFO - Found 36 CSV files. Reading data...
2025-03-05 13:10:21,660 - INFO - CSV data extraction completed successfully.
2025-03-05 13:10:21,675 - INFO - Extracting JSON files from ../data/json/...
2025-03-05 13:10:21,676 - INFO - Found 17 JSON files. Reading data...
2025-03-05 13:10:23,954 - INFO - JSON data extraction completed successfully.
2025-03-05 13:10:23,963 - INFO - Merging extracted data...
2025-03-05 13:10:24,045 - INFO - Saving staging_data.csv to ../staging...
2025-03-05 13:10:29,717 - INFO - Data successfully saved.
2025-03-05 13:10:29,718 - INFO - Starting transformation process on file: ../staging/staging_data.csv
2025-03-05 13:10:31,132 - INFO - File read successfully.
2025-03-05 13:10:31,132 - INFO - Transforming data: Adding trip duration...
2025-03-05 13:10:31,423 - INFO - Transforming data: Adding trip duration completed.
2025-03-05 13:10:31,423 - INFO - Transforming data: Normalizing column names to Snake Case...
2025-03-05 13:10:31,424 - INFO - Transforming data: Normalizing column names to Snake Case completed.
2025-03-05 13:10:31,582 - INFO - Transforming data: Changing payment type value...
2025-03-05 13:10:31,974 - INFO - Transforming data: Changing payment type value completed.
2025-03-05 13:10:31,974 - INFO - Transforming data: Converting trip distance from miles to kilometers...
2025-03-05 13:10:31,991 - INFO - Transforming data: Converting trip distance from miles to kilometers completed.
2025-03-05 13:10:31,992 - INFO - Transformation process completed successfully.
2025-03-05 13:10:33,271 - INFO - Saving result_data.csv to ../result as csv file...
2025-03-05 13:10:47,342 - INFO - Data successfully saved to ../result/result_data.csv
2025-03-05 13:10:47,360 - INFO - ETL pipeline executed successfully.
2025-03-05 13:10:47,456 - INFO - Program completed successfully.
2025-03-05 13:17:50,088 - INFO - Starting ETL program...
2025-03-05 13:17:50,088 - INFO - Pipeline execution started.
2025-03-05 13:17:50,088 - INFO - Extracting CSV files from ../data/csv/...
2025-03-05 13:17:50,089 - INFO - Found 36 CSV files. Reading data...
2025-03-05 13:17:50,931 - INFO - CSV data extraction completed successfully.
2025-03-05 13:17:50,944 - INFO - Extracting JSON files from ../data/json/...
2025-03-05 13:17:50,944 - INFO - Found 17 JSON files. Reading data...
2025-03-05 13:17:53,191 - INFO - JSON data extraction completed successfully.
2025-03-05 13:17:53,200 - INFO - Merging extracted data...
2025-03-05 13:17:53,280 - INFO - Saving staging_data.csv to ../staging...
2025-03-05 13:17:58,924 - INFO - Data successfully saved.
2025-03-05 13:17:58,924 - INFO - Starting transformation process on file: ../staging/staging_data.csv
2025-03-05 13:18:00,422 - INFO - File read successfully.
2025-03-05 13:18:00,422 - INFO - Transforming data: Adding trip duration...
2025-03-05 13:18:00,719 - INFO - Transforming data: Adding trip duration completed.
2025-03-05 13:18:00,719 - INFO - Transforming data: Normalizing column names to Snake Case...
2025-03-05 13:18:00,720 - INFO - Transforming data: Normalizing column names to Snake Case completed.
2025-03-05 13:18:00,863 - INFO - Transforming data: Changing payment type value...
2025-03-05 13:18:01,254 - INFO - Transforming data: Changing payment type value completed.
2025-03-05 13:18:01,259 - ERROR - Error Transforming data in Changing payment type value: 'LocationID'
Traceback (most recent call last):
  File "/Users/dimasadimo/Desktop/Learning/Purwadika/Module 1/Capstone/taxi-pipeline/src/transform.py", line 72, in change_payment_type
    df_new = df_new.merge(zone_master, on="LocationID", how="left", validate="many_to_one")
  File "/usr/local/lib/python3.10/site-packages/pandas/core/frame.py", line 10083, in merge
    return merge(
  File "/usr/local/lib/python3.10/site-packages/pandas/core/reshape/merge.py", line 111, in merge
    op = _MergeOperation(
  File "/usr/local/lib/python3.10/site-packages/pandas/core/reshape/merge.py", line 706, in __init__
    ) = self._get_merge_keys()
  File "/usr/local/lib/python3.10/site-packages/pandas/core/reshape/merge.py", line 1182, in _get_merge_keys
    left_keys.append(left._get_label_or_level_values(lk))
  File "/usr/local/lib/python3.10/site-packages/pandas/core/generic.py", line 1849, in _get_label_or_level_values
    raise KeyError(key)
KeyError: 'LocationID'
2025-03-05 13:18:01,274 - ERROR - Error transforming data: 'LocationID'
Traceback (most recent call last):
  File "/Users/dimasadimo/Desktop/Learning/Purwadika/Module 1/Capstone/taxi-pipeline/src/transform.py", line 20, in transform
    df_payment_type = self.change_payment_type(df_normalize_column)
  File "/Users/dimasadimo/Desktop/Learning/Purwadika/Module 1/Capstone/taxi-pipeline/src/transform.py", line 72, in change_payment_type
    df_new = df_new.merge(zone_master, on="LocationID", how="left", validate="many_to_one")
  File "/usr/local/lib/python3.10/site-packages/pandas/core/frame.py", line 10083, in merge
    return merge(
  File "/usr/local/lib/python3.10/site-packages/pandas/core/reshape/merge.py", line 111, in merge
    op = _MergeOperation(
  File "/usr/local/lib/python3.10/site-packages/pandas/core/reshape/merge.py", line 706, in __init__
    ) = self._get_merge_keys()
  File "/usr/local/lib/python3.10/site-packages/pandas/core/reshape/merge.py", line 1182, in _get_merge_keys
    left_keys.append(left._get_label_or_level_values(lk))
  File "/usr/local/lib/python3.10/site-packages/pandas/core/generic.py", line 1849, in _get_label_or_level_values
    raise KeyError(key)
KeyError: 'LocationID'
2025-03-05 13:18:01,275 - ERROR - Error in pipeline execution: 'LocationID'
Traceback (most recent call last):
  File "/Users/dimasadimo/Desktop/Learning/Purwadika/Module 1/Capstone/taxi-pipeline/src/pipeline.py", line 28, in run
    final_result = self.transformer.transform()
  File "/Users/dimasadimo/Desktop/Learning/Purwadika/Module 1/Capstone/taxi-pipeline/src/transform.py", line 20, in transform
    df_payment_type = self.change_payment_type(df_normalize_column)
  File "/Users/dimasadimo/Desktop/Learning/Purwadika/Module 1/Capstone/taxi-pipeline/src/transform.py", line 72, in change_payment_type
    df_new = df_new.merge(zone_master, on="LocationID", how="left", validate="many_to_one")
  File "/usr/local/lib/python3.10/site-packages/pandas/core/frame.py", line 10083, in merge
    return merge(
  File "/usr/local/lib/python3.10/site-packages/pandas/core/reshape/merge.py", line 111, in merge
    op = _MergeOperation(
  File "/usr/local/lib/python3.10/site-packages/pandas/core/reshape/merge.py", line 706, in __init__
    ) = self._get_merge_keys()
  File "/usr/local/lib/python3.10/site-packages/pandas/core/reshape/merge.py", line 1182, in _get_merge_keys
    left_keys.append(left._get_label_or_level_values(lk))
  File "/usr/local/lib/python3.10/site-packages/pandas/core/generic.py", line 1849, in _get_label_or_level_values
    raise KeyError(key)
KeyError: 'LocationID'
2025-03-05 13:19:47,026 - INFO - Starting ETL program...
2025-03-05 13:19:47,026 - INFO - Pipeline execution started.
2025-03-05 13:19:47,027 - INFO - Extracting CSV files from ../data/csv/...
2025-03-05 13:19:47,028 - INFO - Found 36 CSV files. Reading data...
2025-03-05 13:19:47,828 - INFO - CSV data extraction completed successfully.
2025-03-05 13:19:47,840 - INFO - Extracting JSON files from ../data/json/...
2025-03-05 13:19:47,841 - INFO - Found 17 JSON files. Reading data...
2025-03-05 13:19:50,233 - INFO - JSON data extraction completed successfully.
2025-03-05 13:19:50,242 - INFO - Merging extracted data...
2025-03-05 13:19:50,324 - INFO - Saving staging_data.csv to ../staging...
2025-03-05 13:19:55,886 - INFO - Data successfully saved.
2025-03-05 13:19:55,887 - INFO - Starting transformation process on file: ../staging/staging_data.csv
2025-03-05 13:19:57,329 - INFO - File read successfully.
2025-03-05 13:19:57,329 - INFO - Transforming data: Adding trip duration...
2025-03-05 13:19:57,649 - INFO - Transforming data: Adding trip duration completed.
2025-03-05 13:19:57,649 - INFO - Transforming data: Normalizing column names to Snake Case...
2025-03-05 13:19:57,650 - INFO - Transforming data: Normalizing column names to Snake Case completed.
2025-03-05 13:19:57,799 - INFO - Transforming data: Changing payment type value...
2025-03-05 13:19:58,227 - INFO - Transforming data: Changing payment type value completed.
2025-03-05 13:19:58,240 - ERROR - Error Transforming data in Changing payment type value: 'location_id'
Traceback (most recent call last):
  File "/Users/dimasadimo/Desktop/Learning/Purwadika/Module 1/Capstone/taxi-pipeline/src/transform.py", line 72, in change_payment_type
    df_new = df_new.merge(zone_master, left_on="location_id", right_on="LocationID", how="left", validate="many_to_one")
  File "/usr/local/lib/python3.10/site-packages/pandas/core/frame.py", line 10083, in merge
    return merge(
  File "/usr/local/lib/python3.10/site-packages/pandas/core/reshape/merge.py", line 111, in merge
    op = _MergeOperation(
  File "/usr/local/lib/python3.10/site-packages/pandas/core/reshape/merge.py", line 706, in __init__
    ) = self._get_merge_keys()
  File "/usr/local/lib/python3.10/site-packages/pandas/core/reshape/merge.py", line 1182, in _get_merge_keys
    left_keys.append(left._get_label_or_level_values(lk))
  File "/usr/local/lib/python3.10/site-packages/pandas/core/generic.py", line 1849, in _get_label_or_level_values
    raise KeyError(key)
KeyError: 'location_id'
2025-03-05 13:19:58,252 - ERROR - Error transforming data: 'location_id'
Traceback (most recent call last):
  File "/Users/dimasadimo/Desktop/Learning/Purwadika/Module 1/Capstone/taxi-pipeline/src/transform.py", line 20, in transform
    df_payment_type = self.change_payment_type(df_normalize_column)
  File "/Users/dimasadimo/Desktop/Learning/Purwadika/Module 1/Capstone/taxi-pipeline/src/transform.py", line 72, in change_payment_type
    df_new = df_new.merge(zone_master, left_on="location_id", right_on="LocationID", how="left", validate="many_to_one")
  File "/usr/local/lib/python3.10/site-packages/pandas/core/frame.py", line 10083, in merge
    return merge(
  File "/usr/local/lib/python3.10/site-packages/pandas/core/reshape/merge.py", line 111, in merge
    op = _MergeOperation(
  File "/usr/local/lib/python3.10/site-packages/pandas/core/reshape/merge.py", line 706, in __init__
    ) = self._get_merge_keys()
  File "/usr/local/lib/python3.10/site-packages/pandas/core/reshape/merge.py", line 1182, in _get_merge_keys
    left_keys.append(left._get_label_or_level_values(lk))
  File "/usr/local/lib/python3.10/site-packages/pandas/core/generic.py", line 1849, in _get_label_or_level_values
    raise KeyError(key)
KeyError: 'location_id'
2025-03-05 13:19:58,252 - ERROR - Error in pipeline execution: 'location_id'
Traceback (most recent call last):
  File "/Users/dimasadimo/Desktop/Learning/Purwadika/Module 1/Capstone/taxi-pipeline/src/pipeline.py", line 28, in run
    final_result = self.transformer.transform()
  File "/Users/dimasadimo/Desktop/Learning/Purwadika/Module 1/Capstone/taxi-pipeline/src/transform.py", line 20, in transform
    df_payment_type = self.change_payment_type(df_normalize_column)
  File "/Users/dimasadimo/Desktop/Learning/Purwadika/Module 1/Capstone/taxi-pipeline/src/transform.py", line 72, in change_payment_type
    df_new = df_new.merge(zone_master, left_on="location_id", right_on="LocationID", how="left", validate="many_to_one")
  File "/usr/local/lib/python3.10/site-packages/pandas/core/frame.py", line 10083, in merge
    return merge(
  File "/usr/local/lib/python3.10/site-packages/pandas/core/reshape/merge.py", line 111, in merge
    op = _MergeOperation(
  File "/usr/local/lib/python3.10/site-packages/pandas/core/reshape/merge.py", line 706, in __init__
    ) = self._get_merge_keys()
  File "/usr/local/lib/python3.10/site-packages/pandas/core/reshape/merge.py", line 1182, in _get_merge_keys
    left_keys.append(left._get_label_or_level_values(lk))
  File "/usr/local/lib/python3.10/site-packages/pandas/core/generic.py", line 1849, in _get_label_or_level_values
    raise KeyError(key)
KeyError: 'location_id'
2025-03-05 13:26:18,240 - INFO - Starting ETL program...
2025-03-05 13:26:18,241 - INFO - Pipeline execution started.
2025-03-05 13:26:18,241 - INFO - Extracting CSV files from ../data/csv/...
2025-03-05 13:26:18,241 - INFO - Found 36 CSV files. Reading data...
2025-03-05 13:26:19,047 - INFO - CSV data extraction completed successfully.
2025-03-05 13:26:19,060 - INFO - Extracting JSON files from ../data/json/...
2025-03-05 13:26:19,061 - INFO - Found 17 JSON files. Reading data...
2025-03-05 13:26:21,265 - INFO - JSON data extraction completed successfully.
2025-03-05 13:26:21,274 - INFO - Merging extracted data...
2025-03-05 13:26:21,361 - INFO - Saving staging_data.csv to ../staging...
2025-03-05 13:26:27,346 - INFO - Data successfully saved.
2025-03-05 13:26:27,346 - INFO - Starting transformation process on file: ../staging/staging_data.csv
2025-03-05 13:26:29,032 - INFO - File read successfully.
2025-03-05 13:26:29,033 - INFO - Transforming data: Adding trip duration...
2025-03-05 13:26:29,341 - INFO - Transforming data: Adding trip duration completed.
2025-03-05 13:26:29,341 - INFO - Transforming data: Normalizing column names to Snake Case...
2025-03-05 13:26:29,342 - INFO - Transforming data: Normalizing column names to Snake Case completed.
2025-03-05 13:26:29,498 - INFO - Transforming data: Changing payment type value...
2025-03-05 13:26:30,059 - INFO - Transforming data: Changing payment type value completed.
2025-03-05 13:26:30,059 - INFO - Transforming data: Converting trip distance from miles to kilometers...
2025-03-05 13:26:30,076 - INFO - Transforming data: Converting trip distance from miles to kilometers completed.
2025-03-05 13:26:30,076 - INFO - Transformation process completed successfully.
2025-03-05 13:26:33,236 - INFO - Saving result_data.csv to ../result as csv file...
2025-03-05 13:26:47,132 - INFO - Data successfully saved to ../result/result_data.csv
2025-03-05 13:26:47,220 - INFO - ETL pipeline executed successfully.
2025-03-05 13:26:47,318 - INFO - Program completed successfully.
2025-03-05 13:30:45,557 - INFO - Starting ETL program...
2025-03-05 13:30:45,557 - INFO - Pipeline execution started.
2025-03-05 13:30:45,557 - INFO - Extracting CSV files from ../data/csv/...
2025-03-05 13:30:45,558 - INFO - Found 36 CSV files. Reading data...
2025-03-05 13:30:46,402 - INFO - CSV data extraction completed successfully.
2025-03-05 13:30:46,413 - INFO - Extracting JSON files from ../data/json/...
2025-03-05 13:30:46,415 - INFO - Found 17 JSON files. Reading data...
2025-03-05 13:30:48,598 - INFO - JSON data extraction completed successfully.
2025-03-05 13:30:48,607 - INFO - Merging extracted data...
2025-03-05 13:30:48,693 - INFO - Saving staging_data.csv to ../staging...
2025-03-05 13:30:54,337 - INFO - Data successfully saved.
2025-03-05 13:30:54,338 - INFO - Starting transformation process on file: ../staging/staging_data.csv
2025-03-05 13:30:55,902 - INFO - File read successfully.
2025-03-05 13:30:55,902 - INFO - Transforming data: Adding trip duration...
2025-03-05 13:30:56,210 - INFO - Transforming data: Adding trip duration completed.
2025-03-05 13:30:56,210 - INFO - Transforming data: Normalizing column names to Snake Case...
2025-03-05 13:30:56,212 - INFO - Transforming data: Normalizing column names to Snake Case completed.
2025-03-05 13:30:56,360 - INFO - Transforming data: Changing payment type value...
2025-03-05 13:30:56,739 - INFO - Transforming data: Changing payment type value completed.
2025-03-05 13:30:56,741 - INFO - Transforming data: Converting trip distance from miles to kilometers...
2025-03-05 13:30:56,757 - INFO - Transforming data: Converting trip distance from miles to kilometers completed.
2025-03-05 13:30:56,757 - INFO - Transformation process completed successfully.
2025-03-05 13:30:58,269 - INFO - Saving result_data.csv to ../result as csv file...
2025-03-05 13:31:12,445 - INFO - Data successfully saved to ../result/result_data.csv
2025-03-05 13:31:12,545 - INFO - ETL pipeline executed successfully.
2025-03-05 13:31:12,635 - INFO - Program completed successfully.
2025-03-05 13:32:53,688 - INFO - Starting ETL program...
2025-03-05 13:32:53,688 - INFO - Pipeline execution started.
2025-03-05 13:32:53,688 - INFO - Extracting CSV files from ../data/csv/...
2025-03-05 13:32:53,689 - INFO - Found 36 CSV files. Reading data...
2025-03-05 13:32:54,564 - INFO - CSV data extraction completed successfully.
2025-03-05 13:32:54,579 - INFO - Extracting JSON files from ../data/json/...
2025-03-05 13:32:54,579 - INFO - Found 17 JSON files. Reading data...
2025-03-05 13:32:56,832 - INFO - JSON data extraction completed successfully.
2025-03-05 13:32:56,842 - INFO - Merging extracted data...
2025-03-05 13:32:56,931 - INFO - Saving staging_data.csv to ../staging...
2025-03-05 13:33:02,605 - INFO - Data successfully saved.
2025-03-05 13:33:02,606 - INFO - Starting transformation process on file: ../staging/staging_data.csv
2025-03-05 13:33:04,097 - INFO - File read successfully.
2025-03-05 13:33:04,098 - INFO - Transforming data: Adding trip duration...
2025-03-05 13:33:04,431 - INFO - Transforming data: Adding trip duration completed.
2025-03-05 13:33:04,431 - INFO - Transforming data: Normalizing column names to Snake Case...
2025-03-05 13:33:04,432 - INFO - Transforming data: Normalizing column names to Snake Case completed.
2025-03-05 13:33:04,579 - INFO - Transforming data: Changing payment type value...
2025-03-05 13:33:04,962 - INFO - Transforming data: Changing payment type value completed.
2025-03-05 13:33:04,962 - INFO - Transforming data: Converting trip distance from miles to kilometers...
2025-03-05 13:33:04,980 - INFO - Transforming data: Converting trip distance from miles to kilometers completed.
2025-03-05 13:33:04,981 - INFO - Transformation process completed successfully.
2025-03-05 13:33:06,149 - INFO - Saving result_data.csv to ../result as csv file...
2025-03-05 13:33:19,928 - INFO - Data successfully saved to ../result/result_data.csv
2025-03-05 13:33:20,015 - INFO - ETL pipeline executed successfully.
2025-03-05 13:33:20,104 - INFO - Program completed successfully.
2025-03-05 13:52:39,567 - INFO - Starting ETL program...
2025-03-05 13:52:39,570 - INFO - Pipeline execution started.
2025-03-05 13:52:39,571 - INFO - Extracting CSV files from ../data/csv/...
2025-03-05 13:52:39,571 - INFO - Found 36 CSV files. Reading data...
2025-03-05 13:52:40,397 - INFO - CSV data extraction completed successfully.
2025-03-05 13:52:40,412 - INFO - Extracting JSON files from ../data/json/...
2025-03-05 13:52:40,412 - INFO - Found 17 JSON files. Reading data...
2025-03-05 13:52:42,630 - INFO - JSON data extraction completed successfully.
2025-03-05 13:52:42,640 - INFO - Merging extracted data...
2025-03-05 13:52:42,734 - INFO - Saving staging_data.csv to ../staging...
2025-03-05 13:52:48,402 - INFO - Data successfully saved.
2025-03-05 13:52:48,402 - INFO - Starting transformation process on file: ../staging/staging_data.csv
2025-03-05 13:52:49,948 - INFO - File read successfully.
2025-03-05 13:52:49,950 - INFO - Transforming data: Adding trip duration...
2025-03-05 13:52:50,260 - INFO - Transforming data: Adding trip duration completed.
2025-03-05 13:52:50,260 - INFO - Transforming data: Normalizing column names to Snake Case...
2025-03-05 13:52:50,262 - INFO - Transforming data: Normalizing column names to Snake Case completed.
2025-03-05 13:52:50,405 - INFO - Transforming data: Changing payment type value...
2025-03-05 13:52:50,962 - INFO - Transforming data: Changing payment type value completed.
2025-03-05 13:52:50,962 - INFO - Transforming data: Converting trip distance from miles to kilometers...
2025-03-05 13:52:50,978 - INFO - Transforming data: Converting trip distance from miles to kilometers completed.
2025-03-05 13:52:50,978 - INFO - Transformation process completed successfully.
2025-03-05 13:52:53,466 - INFO - Saving result_data.csv to ../result as csv file...
2025-03-05 13:53:07,840 - INFO - Data successfully saved to ../result/result_data.csv
2025-03-05 13:53:07,911 - ERROR - Error show summary data: 'id'
Traceback (most recent call last):
  File "/usr/local/lib/python3.10/site-packages/pandas/core/indexes/base.py", line 3800, in get_loc
    return self._engine.get_loc(casted_key)
  File "pandas/_libs/index.pyx", line 138, in pandas._libs.index.IndexEngine.get_loc
  File "pandas/_libs/index.pyx", line 165, in pandas._libs.index.IndexEngine.get_loc
  File "pandas/_libs/hashtable_class_helper.pxi", line 5745, in pandas._libs.hashtable.PyObjectHashTable.get_item
  File "pandas/_libs/hashtable_class_helper.pxi", line 5753, in pandas._libs.hashtable.PyObjectHashTable.get_item
KeyError: 'id'

The above exception was the direct cause of the following exception:

Traceback (most recent call last):
  File "/Users/dimasadimo/Desktop/Learning/Purwadika/Module 1/Capstone/taxi-pipeline/src/load.py", line 63, in show
    print(f"\nPickup Most Common Zone: {zone_master.loc[zone_master['id'] == most_common_pu, 'Zone'].values[0]}")
  File "/usr/local/lib/python3.10/site-packages/pandas/core/frame.py", line 3805, in __getitem__
    indexer = self.columns.get_loc(key)
  File "/usr/local/lib/python3.10/site-packages/pandas/core/indexes/base.py", line 3802, in get_loc
    raise KeyError(key) from err
KeyError: 'id'
2025-03-05 13:53:07,922 - ERROR - Error load data: 'id'
Traceback (most recent call last):
  File "/usr/local/lib/python3.10/site-packages/pandas/core/indexes/base.py", line 3800, in get_loc
    return self._engine.get_loc(casted_key)
  File "pandas/_libs/index.pyx", line 138, in pandas._libs.index.IndexEngine.get_loc
  File "pandas/_libs/index.pyx", line 165, in pandas._libs.index.IndexEngine.get_loc
  File "pandas/_libs/hashtable_class_helper.pxi", line 5745, in pandas._libs.hashtable.PyObjectHashTable.get_item
  File "pandas/_libs/hashtable_class_helper.pxi", line 5753, in pandas._libs.hashtable.PyObjectHashTable.get_item
KeyError: 'id'

The above exception was the direct cause of the following exception:

Traceback (most recent call last):
  File "/Users/dimasadimo/Desktop/Learning/Purwadika/Module 1/Capstone/taxi-pipeline/src/load.py", line 28, in load
    self.show(df=data)
  File "/Users/dimasadimo/Desktop/Learning/Purwadika/Module 1/Capstone/taxi-pipeline/src/load.py", line 63, in show
    print(f"\nPickup Most Common Zone: {zone_master.loc[zone_master['id'] == most_common_pu, 'Zone'].values[0]}")
  File "/usr/local/lib/python3.10/site-packages/pandas/core/frame.py", line 3805, in __getitem__
    indexer = self.columns.get_loc(key)
  File "/usr/local/lib/python3.10/site-packages/pandas/core/indexes/base.py", line 3802, in get_loc
    raise KeyError(key) from err
KeyError: 'id'
2025-03-05 13:53:07,922 - ERROR - Error in pipeline execution: 'id'
Traceback (most recent call last):
  File "/usr/local/lib/python3.10/site-packages/pandas/core/indexes/base.py", line 3800, in get_loc
    return self._engine.get_loc(casted_key)
  File "pandas/_libs/index.pyx", line 138, in pandas._libs.index.IndexEngine.get_loc
  File "pandas/_libs/index.pyx", line 165, in pandas._libs.index.IndexEngine.get_loc
  File "pandas/_libs/hashtable_class_helper.pxi", line 5745, in pandas._libs.hashtable.PyObjectHashTable.get_item
  File "pandas/_libs/hashtable_class_helper.pxi", line 5753, in pandas._libs.hashtable.PyObjectHashTable.get_item
KeyError: 'id'

The above exception was the direct cause of the following exception:

Traceback (most recent call last):
  File "/Users/dimasadimo/Desktop/Learning/Purwadika/Module 1/Capstone/taxi-pipeline/src/pipeline.py", line 29, in run
    self.loader.load(final_result)
  File "/Users/dimasadimo/Desktop/Learning/Purwadika/Module 1/Capstone/taxi-pipeline/src/load.py", line 28, in load
    self.show(df=data)
  File "/Users/dimasadimo/Desktop/Learning/Purwadika/Module 1/Capstone/taxi-pipeline/src/load.py", line 63, in show
    print(f"\nPickup Most Common Zone: {zone_master.loc[zone_master['id'] == most_common_pu, 'Zone'].values[0]}")
  File "/usr/local/lib/python3.10/site-packages/pandas/core/frame.py", line 3805, in __getitem__
    indexer = self.columns.get_loc(key)
  File "/usr/local/lib/python3.10/site-packages/pandas/core/indexes/base.py", line 3802, in get_loc
    raise KeyError(key) from err
KeyError: 'id'
2025-03-05 13:53:40,368 - INFO - Starting ETL program...
2025-03-05 13:53:40,369 - INFO - Pipeline execution started.
2025-03-05 13:53:40,369 - INFO - Extracting CSV files from ../data/csv/...
2025-03-05 13:53:40,369 - INFO - Found 36 CSV files. Reading data...
2025-03-05 13:53:41,208 - INFO - CSV data extraction completed successfully.
2025-03-05 13:53:41,223 - INFO - Extracting JSON files from ../data/json/...
2025-03-05 13:53:41,223 - INFO - Found 17 JSON files. Reading data...
2025-03-05 13:53:43,473 - INFO - JSON data extraction completed successfully.
2025-03-05 13:53:43,481 - INFO - Merging extracted data...
2025-03-05 13:53:43,569 - INFO - Saving staging_data.csv to ../staging...
2025-03-05 13:53:49,194 - INFO - Data successfully saved.
2025-03-05 13:53:49,194 - INFO - Starting transformation process on file: ../staging/staging_data.csv
2025-03-05 13:53:50,589 - INFO - File read successfully.
2025-03-05 13:53:50,589 - INFO - Transforming data: Adding trip duration...
2025-03-05 13:53:50,878 - INFO - Transforming data: Adding trip duration completed.
2025-03-05 13:53:50,878 - INFO - Transforming data: Normalizing column names to Snake Case...
2025-03-05 13:53:50,879 - INFO - Transforming data: Normalizing column names to Snake Case completed.
2025-03-05 13:53:51,016 - INFO - Transforming data: Changing payment type value...
2025-03-05 13:53:51,423 - INFO - Transforming data: Changing payment type value completed.
2025-03-05 13:53:51,423 - INFO - Transforming data: Converting trip distance from miles to kilometers...
2025-03-05 13:53:51,441 - INFO - Transforming data: Converting trip distance from miles to kilometers completed.
2025-03-05 13:53:51,441 - INFO - Transformation process completed successfully.
2025-03-05 13:53:52,429 - INFO - Saving result_data.csv to ../result as csv file...
2025-03-05 13:54:07,401 - INFO - Data successfully saved to ../result/result_data.csv
2025-03-05 13:54:07,478 - ERROR - Error show summary data: Can only compare identically-labeled Series objects
Traceback (most recent call last):
  File "/Users/dimasadimo/Desktop/Learning/Purwadika/Module 1/Capstone/taxi-pipeline/src/load.py", line 63, in show
    print(f"\nPickup Most Common Zone: {zone_master.loc[zone_master['LocationID'] == most_common_pu, 'Zone'].values[0]}")
  File "/usr/local/lib/python3.10/site-packages/pandas/core/ops/common.py", line 72, in new_method
    return method(self, other)
  File "/usr/local/lib/python3.10/site-packages/pandas/core/arraylike.py", line 43, in __eq__
    return self._cmp_method(other, operator.eq)
  File "/usr/local/lib/python3.10/site-packages/pandas/core/series.py", line 6240, in _cmp_method
    raise ValueError("Can only compare identically-labeled Series objects")
ValueError: Can only compare identically-labeled Series objects
2025-03-05 13:54:07,485 - ERROR - Error load data: Can only compare identically-labeled Series objects
Traceback (most recent call last):
  File "/Users/dimasadimo/Desktop/Learning/Purwadika/Module 1/Capstone/taxi-pipeline/src/load.py", line 28, in load
    self.show(df=data)
  File "/Users/dimasadimo/Desktop/Learning/Purwadika/Module 1/Capstone/taxi-pipeline/src/load.py", line 63, in show
    print(f"\nPickup Most Common Zone: {zone_master.loc[zone_master['LocationID'] == most_common_pu, 'Zone'].values[0]}")
  File "/usr/local/lib/python3.10/site-packages/pandas/core/ops/common.py", line 72, in new_method
    return method(self, other)
  File "/usr/local/lib/python3.10/site-packages/pandas/core/arraylike.py", line 43, in __eq__
    return self._cmp_method(other, operator.eq)
  File "/usr/local/lib/python3.10/site-packages/pandas/core/series.py", line 6240, in _cmp_method
    raise ValueError("Can only compare identically-labeled Series objects")
ValueError: Can only compare identically-labeled Series objects
2025-03-05 13:54:07,485 - ERROR - Error in pipeline execution: Can only compare identically-labeled Series objects
Traceback (most recent call last):
  File "/Users/dimasadimo/Desktop/Learning/Purwadika/Module 1/Capstone/taxi-pipeline/src/pipeline.py", line 29, in run
    self.loader.load(final_result)
  File "/Users/dimasadimo/Desktop/Learning/Purwadika/Module 1/Capstone/taxi-pipeline/src/load.py", line 28, in load
    self.show(df=data)
  File "/Users/dimasadimo/Desktop/Learning/Purwadika/Module 1/Capstone/taxi-pipeline/src/load.py", line 63, in show
    print(f"\nPickup Most Common Zone: {zone_master.loc[zone_master['LocationID'] == most_common_pu, 'Zone'].values[0]}")
  File "/usr/local/lib/python3.10/site-packages/pandas/core/ops/common.py", line 72, in new_method
    return method(self, other)
  File "/usr/local/lib/python3.10/site-packages/pandas/core/arraylike.py", line 43, in __eq__
    return self._cmp_method(other, operator.eq)
  File "/usr/local/lib/python3.10/site-packages/pandas/core/series.py", line 6240, in _cmp_method
    raise ValueError("Can only compare identically-labeled Series objects")
ValueError: Can only compare identically-labeled Series objects
2025-03-05 13:55:39,888 - INFO - Starting ETL program...
2025-03-05 13:55:39,888 - INFO - Pipeline execution started.
2025-03-05 13:55:39,889 - INFO - Extracting CSV files from ../data/csv/...
2025-03-05 13:55:39,889 - INFO - Found 36 CSV files. Reading data...
2025-03-05 13:55:40,715 - INFO - CSV data extraction completed successfully.
2025-03-05 13:55:40,809 - INFO - Extracting JSON files from ../data/json/...
2025-03-05 13:55:40,809 - INFO - Found 17 JSON files. Reading data...
2025-03-05 13:55:43,091 - INFO - JSON data extraction completed successfully.
2025-03-05 13:55:43,100 - INFO - Merging extracted data...
2025-03-05 13:55:43,179 - INFO - Saving staging_data.csv to ../staging...
2025-03-05 13:55:48,775 - INFO - Data successfully saved.
2025-03-05 13:55:48,775 - INFO - Starting transformation process on file: ../staging/staging_data.csv
2025-03-05 13:55:50,231 - INFO - File read successfully.
2025-03-05 13:55:50,231 - INFO - Transforming data: Adding trip duration...
2025-03-05 13:55:50,538 - INFO - Transforming data: Adding trip duration completed.
2025-03-05 13:55:50,539 - INFO - Transforming data: Normalizing column names to Snake Case...
2025-03-05 13:55:50,540 - INFO - Transforming data: Normalizing column names to Snake Case completed.
2025-03-05 13:55:50,685 - INFO - Transforming data: Changing payment type value...
2025-03-05 13:55:51,288 - INFO - Transforming data: Changing payment type value completed.
2025-03-05 13:55:51,289 - INFO - Transforming data: Converting trip distance from miles to kilometers...
2025-03-05 13:55:51,307 - INFO - Transforming data: Converting trip distance from miles to kilometers completed.
2025-03-05 13:55:51,308 - INFO - Transformation process completed successfully.
2025-03-05 13:55:54,215 - INFO - Saving result_data.csv to ../result as csv file...
2025-03-05 13:56:08,190 - INFO - Data successfully saved to ../result/result_data.csv
2025-03-05 13:56:08,263 - ERROR - Error show summary data: unsupported format string passed to Timedelta.__format__
Traceback (most recent call last):
  File "/Users/dimasadimo/Desktop/Learning/Purwadika/Module 1/Capstone/taxi-pipeline/src/load.py", line 69, in show
    print(f"   - Average: {df['trip_duration'].mean():.2f}")
TypeError: unsupported format string passed to Timedelta.__format__
2025-03-05 13:56:08,265 - ERROR - Error load data: unsupported format string passed to Timedelta.__format__
Traceback (most recent call last):
  File "/Users/dimasadimo/Desktop/Learning/Purwadika/Module 1/Capstone/taxi-pipeline/src/load.py", line 28, in load
    self.show(df=data)
  File "/Users/dimasadimo/Desktop/Learning/Purwadika/Module 1/Capstone/taxi-pipeline/src/load.py", line 69, in show
    print(f"   - Average: {df['trip_duration'].mean():.2f}")
TypeError: unsupported format string passed to Timedelta.__format__
2025-03-05 13:56:08,266 - ERROR - Error in pipeline execution: unsupported format string passed to Timedelta.__format__
Traceback (most recent call last):
  File "/Users/dimasadimo/Desktop/Learning/Purwadika/Module 1/Capstone/taxi-pipeline/src/pipeline.py", line 29, in run
    self.loader.load(final_result)
  File "/Users/dimasadimo/Desktop/Learning/Purwadika/Module 1/Capstone/taxi-pipeline/src/load.py", line 28, in load
    self.show(df=data)
  File "/Users/dimasadimo/Desktop/Learning/Purwadika/Module 1/Capstone/taxi-pipeline/src/load.py", line 69, in show
    print(f"   - Average: {df['trip_duration'].mean():.2f}")
TypeError: unsupported format string passed to Timedelta.__format__
2025-03-05 13:56:52,911 - INFO - Starting ETL program...
2025-03-05 13:56:52,913 - INFO - Pipeline execution started.
2025-03-05 13:56:52,914 - INFO - Extracting CSV files from ../data/csv/...
2025-03-05 13:56:52,915 - INFO - Found 36 CSV files. Reading data...
2025-03-05 13:56:53,737 - INFO - CSV data extraction completed successfully.
2025-03-05 13:56:53,750 - INFO - Extracting JSON files from ../data/json/...
2025-03-05 13:56:53,752 - INFO - Found 17 JSON files. Reading data...
2025-03-05 13:56:56,131 - INFO - JSON data extraction completed successfully.
2025-03-05 13:56:56,140 - INFO - Merging extracted data...
2025-03-05 13:56:56,226 - INFO - Saving staging_data.csv to ../staging...
2025-03-05 13:57:01,773 - INFO - Data successfully saved.
2025-03-05 13:57:01,773 - INFO - Starting transformation process on file: ../staging/staging_data.csv
2025-03-05 13:57:03,371 - INFO - File read successfully.
2025-03-05 13:57:03,371 - INFO - Transforming data: Adding trip duration...
2025-03-05 13:57:03,734 - INFO - Transforming data: Adding trip duration completed.
2025-03-05 13:57:03,735 - INFO - Transforming data: Normalizing column names to Snake Case...
2025-03-05 13:57:03,736 - INFO - Transforming data: Normalizing column names to Snake Case completed.
2025-03-05 13:57:03,889 - INFO - Transforming data: Changing payment type value...
2025-03-05 13:57:04,323 - INFO - Transforming data: Changing payment type value completed.
2025-03-05 13:57:04,324 - INFO - Transforming data: Converting trip distance from miles to kilometers...
2025-03-05 13:57:04,342 - INFO - Transforming data: Converting trip distance from miles to kilometers completed.
2025-03-05 13:57:04,343 - INFO - Transformation process completed successfully.
2025-03-05 13:57:05,389 - INFO - Saving result_data.csv to ../result as csv file...
2025-03-05 13:57:19,374 - INFO - Data successfully saved to ../result/result_data.csv
2025-03-05 13:57:19,492 - INFO - ETL pipeline executed successfully.
2025-03-05 13:57:19,574 - INFO - Program completed successfully.
2025-03-05 14:01:50,601 - INFO - Starting ETL program...
2025-03-05 14:01:50,601 - INFO - Pipeline execution started.
2025-03-05 14:01:50,601 - INFO - Extracting CSV files from ../data/csv/...
2025-03-05 14:01:50,601 - INFO - Found 36 CSV files. Reading data...
2025-03-05 14:01:51,441 - INFO - CSV data extraction completed successfully.
2025-03-05 14:01:51,454 - INFO - Extracting JSON files from ../data/json/...
2025-03-05 14:01:51,454 - INFO - Found 17 JSON files. Reading data...
2025-03-05 14:01:53,654 - INFO - JSON data extraction completed successfully.
2025-03-05 14:01:53,664 - INFO - Merging extracted data...
2025-03-05 14:01:53,757 - INFO - Saving staging_data.csv to ../staging...
2025-03-05 14:01:59,519 - INFO - Data successfully saved.
2025-03-05 14:01:59,519 - INFO - Starting transformation process on file: ../staging/staging_data.csv
2025-03-05 14:02:00,994 - INFO - File read successfully.
2025-03-05 14:02:00,997 - INFO - Transforming data: Adding trip duration...
2025-03-05 14:02:01,299 - INFO - Transforming data: Adding trip duration completed.
2025-03-05 14:02:01,299 - INFO - Transforming data: Normalizing column names to Snake Case...
2025-03-05 14:02:01,300 - INFO - Transforming data: Normalizing column names to Snake Case completed.
2025-03-05 14:02:01,445 - INFO - Transforming data: Changing payment type value...
2025-03-05 14:02:01,915 - INFO - Transforming data: Changing payment type value completed.
2025-03-05 14:02:01,915 - INFO - Transforming data: Converting trip distance from miles to kilometers...
2025-03-05 14:02:01,936 - INFO - Transforming data: Converting trip distance from miles to kilometers completed.
2025-03-05 14:02:01,936 - INFO - Transformation process completed successfully.
2025-03-05 14:02:03,065 - INFO - Saving result_data.csv to ../result as csv file...
2025-03-05 14:02:17,292 - INFO - Data successfully saved to ../result/result_data.csv
2025-03-05 14:02:17,449 - INFO - ETL pipeline executed successfully.
2025-03-05 14:02:17,541 - INFO - Program completed successfully.
2025-03-05 14:02:45,923 - INFO - Starting ETL program...
2025-03-05 14:02:45,923 - INFO - Pipeline execution started.
2025-03-05 14:02:45,923 - INFO - Extracting CSV files from ../data/csv/...
2025-03-05 14:02:45,931 - INFO - Found 36 CSV files. Reading data...
2025-03-05 14:02:46,740 - INFO - CSV data extraction completed successfully.
2025-03-05 14:02:46,754 - INFO - Extracting JSON files from ../data/json/...
2025-03-05 14:02:46,760 - INFO - Found 17 JSON files. Reading data...
2025-03-05 14:02:48,965 - INFO - JSON data extraction completed successfully.
2025-03-05 14:02:48,974 - INFO - Merging extracted data...
2025-03-05 14:02:49,055 - INFO - Saving staging_data.csv to ../staging...
2025-03-05 14:02:54,519 - INFO - Data successfully saved.
2025-03-05 14:02:54,519 - INFO - Starting transformation process on file: ../staging/staging_data.csv
2025-03-05 14:02:55,958 - INFO - File read successfully.
2025-03-05 14:02:55,958 - INFO - Transforming data: Adding trip duration...
2025-03-05 14:02:56,260 - INFO - Transforming data: Adding trip duration completed.
2025-03-05 14:02:56,260 - INFO - Transforming data: Normalizing column names to Snake Case...
2025-03-05 14:02:56,261 - INFO - Transforming data: Normalizing column names to Snake Case completed.
2025-03-05 14:02:56,397 - INFO - Transforming data: Changing payment type value...
2025-03-05 14:02:56,769 - INFO - Transforming data: Changing payment type value completed.
2025-03-05 14:02:56,770 - INFO - Transforming data: Converting trip distance from miles to kilometers...
2025-03-05 14:02:56,786 - INFO - Transforming data: Converting trip distance from miles to kilometers completed.
2025-03-05 14:02:56,787 - INFO - Transformation process completed successfully.
2025-03-05 14:02:57,994 - INFO - Saving result_data.csv to ../result as csv file...
2025-03-05 14:03:12,507 - INFO - Data successfully saved to ../result/result_data.csv
2025-03-05 14:03:12,662 - INFO - ETL pipeline executed successfully.
2025-03-05 14:03:12,746 - INFO - Program completed successfully.
2025-03-05 14:03:18,468 - INFO - Starting ETL program...
2025-03-05 14:03:18,468 - INFO - Pipeline execution started.
2025-03-05 14:03:18,469 - INFO - Extracting CSV files from ../data/csv/...
2025-03-05 14:03:18,469 - INFO - Found 36 CSV files. Reading data...
2025-03-05 14:03:19,365 - INFO - CSV data extraction completed successfully.
2025-03-05 14:03:19,381 - INFO - Extracting JSON files from ../data/json/...
2025-03-05 14:03:19,382 - INFO - Found 17 JSON files. Reading data...
2025-03-05 14:03:21,881 - INFO - JSON data extraction completed successfully.
2025-03-05 14:03:21,891 - INFO - Merging extracted data...
2025-03-05 14:03:21,967 - INFO - Saving staging_data.csv to ../staging...
2025-03-05 14:03:27,682 - INFO - Data successfully saved.
2025-03-05 14:03:27,682 - INFO - Starting transformation process on file: ../staging/staging_data.csv
2025-03-05 14:03:29,272 - INFO - File read successfully.
2025-03-05 14:03:29,272 - INFO - Transforming data: Adding trip duration...
2025-03-05 14:03:29,587 - INFO - Transforming data: Adding trip duration completed.
2025-03-05 14:03:29,587 - INFO - Transforming data: Normalizing column names to Snake Case...
2025-03-05 14:03:29,590 - INFO - Transforming data: Normalizing column names to Snake Case completed.
2025-03-05 14:03:29,748 - INFO - Transforming data: Changing payment type value...
2025-03-05 14:03:30,211 - INFO - Transforming data: Changing payment type value completed.
2025-03-05 14:03:30,217 - INFO - Transforming data: Converting trip distance from miles to kilometers...
2025-03-05 14:03:30,235 - INFO - Transforming data: Converting trip distance from miles to kilometers completed.
2025-03-05 14:03:30,235 - INFO - Transformation process completed successfully.
2025-03-05 14:03:34,420 - INFO - Saving result_data.xlsx to ../result as excel file...
2025-03-05 14:08:00,530 - INFO - Data successfully saved to ../result/result_data.xlsx
2025-03-05 14:08:00,760 - INFO - ETL pipeline executed successfully.
2025-03-05 14:08:00,913 - INFO - Program completed successfully.
